#-----------------------------------------------------------
# Vivado v2014.4 (64-bit)
# SW Build 1071353 on Tue Nov 18 18:24:04 MST 2014
# IP Build 1070531 on Tue Nov 18 01:10:18 MST 2014
# Start of session at: Wed Jan 03 22:42:20 2024
# Process ID: 12120
# Log file: D:/Rohit_V/Documents/Codes/VS Code/My Learnings/HDL/4bitadder/vivado.log
# Journal file: D:/Rohit_V/Documents/Codes/VS Code/My Learnings/HDL/4bitadder\vivado.jou
#-----------------------------------------------------------
start_gui
open_project {D:/Rohit_V/Documents/Codes/VS Code/My Learnings/HDL/4bitadder/4bitadder.xpr}
update_compile_order -fileset sources_1
# Disabling source management mode.  This is to allow the top design properties to be set without GUI intervention.
set_property source_mgmt_mode None [current_project]
set_property top sub_4bit [current_fileset]
# Re-enabling previously disabled source management mode.
set_property source_mgmt_mode All [current_project]
update_compile_order -fileset sources_1
launch_simulation
source tb_adder_4bit.tcl
close_sim
